[0.153s] DEBUG:colcon:Command line arguments: ['/usr/bin/colcon', 'build']
[0.153s] DEBUG:colcon:Parsed command line arguments: Namespace(log_base=None, log_level=None, verb_name='build', build_base='build', install_base='install', merge_install=False, symlink_install=False, test_result_base=None, continue_on_error=False, executor='parallel', parallel_workers=4, event_handlers=None, ignore_user_meta=False, metas=['./colcon.meta'], base_paths=['.'], packages_ignore=None, packages_ignore_regex=None, paths=None, packages_up_to=None, packages_up_to_regex=None, packages_above=None, packages_above_and_dependencies=None, packages_above_depth=None, packages_select_by_dep=None, packages_skip_by_dep=None, packages_skip_up_to=None, packages_select_build_failed=False, packages_skip_build_finished=False, packages_select_test_failures=False, packages_skip_test_passed=False, packages_select=None, packages_skip=None, packages_select_regex=None, packages_skip_regex=None, packages_start=None, packages_end=None, allow_overriding=[], cmake_args=None, cmake_target=None, cmake_target_skip_unavailable=False, cmake_clean_cache=False, cmake_clean_first=False, cmake_force_configure=False, ament_cmake_args=None, catkin_cmake_args=None, catkin_skip_building_tests=False, mixin_files=None, mixin=None, verb_parser=<colcon_mixin.mixin.mixin_argument.MixinArgumentDecorator object at 0xffff9c4a5190>, verb_extension=<colcon_core.verb.build.BuildVerb object at 0xffff9c671b50>, main=<bound method BuildVerb.main of <colcon_core.verb.build.BuildVerb object at 0xffff9c671b50>>, mixin_verb=('build',))
[0.211s] Level 1:colcon.colcon_core.package_discovery:discover_packages(colcon_meta) check parameters
[0.211s] Level 1:colcon.colcon_core.package_discovery:discover_packages(recursive) check parameters
[0.211s] Level 1:colcon.colcon_core.package_discovery:discover_packages(ignore) check parameters
[0.211s] Level 1:colcon.colcon_core.package_discovery:discover_packages(path) check parameters
[0.211s] Level 1:colcon.colcon_core.package_discovery:discover_packages(colcon_meta) discover
[0.211s] Level 1:colcon.colcon_core.package_discovery:discover_packages(recursive) discover
[0.211s] INFO:colcon.colcon_core.package_discovery:Crawling recursively for packages in '/home/movemaster/movemaster/movemaster_ws'
[0.211s] Level 1:colcon.colcon_core.package_identification:_identify(.) by extensions ['ignore', 'ignore_ament_install']
[0.211s] Level 1:colcon.colcon_core.package_identification:_identify(.) by extension 'ignore'
[0.212s] Level 1:colcon.colcon_core.package_identification:_identify(.) by extension 'ignore_ament_install'
[0.212s] Level 1:colcon.colcon_core.package_identification:_identify(.) by extensions ['colcon_pkg']
[0.212s] Level 1:colcon.colcon_core.package_identification:_identify(.) by extension 'colcon_pkg'
[0.212s] Level 1:colcon.colcon_core.package_identification:_identify(.) by extensions ['colcon_meta']
[0.212s] Level 1:colcon.colcon_core.package_identification:_identify(.) by extension 'colcon_meta'
[0.212s] Level 1:colcon.colcon_core.package_identification:_identify(.) by extensions ['ros']
[0.212s] Level 1:colcon.colcon_core.package_identification:_identify(.) by extension 'ros'
[0.250s] Level 1:colcon.colcon_core.package_identification:_identify(.) by extensions ['cmake', 'python']
[0.250s] Level 1:colcon.colcon_core.package_identification:_identify(.) by extension 'cmake'
[0.250s] Level 1:colcon.colcon_core.package_identification:_identify(.) by extension 'python'
[0.250s] Level 1:colcon.colcon_core.package_identification:_identify(.) by extensions ['python_setup_py']
[0.250s] Level 1:colcon.colcon_core.package_identification:_identify(.) by extension 'python_setup_py'
[0.250s] Level 1:colcon.colcon_core.package_identification:_identify(build) by extensions ['ignore', 'ignore_ament_install']
[0.250s] Level 1:colcon.colcon_core.package_identification:_identify(build) by extension 'ignore'
[0.250s] Level 1:colcon.colcon_core.package_identification:_identify(build) ignored
[0.250s] Level 1:colcon.colcon_core.package_identification:_identify(install) by extensions ['ignore', 'ignore_ament_install']
[0.251s] Level 1:colcon.colcon_core.package_identification:_identify(install) by extension 'ignore'
[0.251s] Level 1:colcon.colcon_core.package_identification:_identify(install) ignored
[0.251s] Level 1:colcon.colcon_core.package_identification:_identify(log) by extensions ['ignore', 'ignore_ament_install']
[0.251s] Level 1:colcon.colcon_core.package_identification:_identify(log) by extension 'ignore'
[0.251s] Level 1:colcon.colcon_core.package_identification:_identify(log) ignored
[0.251s] Level 1:colcon.colcon_core.package_identification:_identify(src) by extensions ['ignore', 'ignore_ament_install']
[0.251s] Level 1:colcon.colcon_core.package_identification:_identify(src) by extension 'ignore'
[0.251s] Level 1:colcon.colcon_core.package_identification:_identify(src) by extension 'ignore_ament_install'
[0.251s] Level 1:colcon.colcon_core.package_identification:_identify(src) by extensions ['colcon_pkg']
[0.251s] Level 1:colcon.colcon_core.package_identification:_identify(src) by extension 'colcon_pkg'
[0.251s] Level 1:colcon.colcon_core.package_identification:_identify(src) by extensions ['colcon_meta']
[0.251s] Level 1:colcon.colcon_core.package_identification:_identify(src) by extension 'colcon_meta'
[0.251s] Level 1:colcon.colcon_core.package_identification:_identify(src) by extensions ['ros']
[0.251s] Level 1:colcon.colcon_core.package_identification:_identify(src) by extension 'ros'
[0.251s] Level 1:colcon.colcon_core.package_identification:_identify(src) by extensions ['cmake', 'python']
[0.251s] Level 1:colcon.colcon_core.package_identification:_identify(src) by extension 'cmake'
[0.252s] Level 1:colcon.colcon_core.package_identification:_identify(src) by extension 'python'
[0.252s] Level 1:colcon.colcon_core.package_identification:_identify(src) by extensions ['python_setup_py']
[0.252s] Level 1:colcon.colcon_core.package_identification:_identify(src) by extension 'python_setup_py'
[0.252s] Level 1:colcon.colcon_core.package_identification:_identify(src/movemaster_ros) by extensions ['ignore', 'ignore_ament_install']
[0.252s] Level 1:colcon.colcon_core.package_identification:_identify(src/movemaster_ros) by extension 'ignore'
[0.252s] Level 1:colcon.colcon_core.package_identification:_identify(src/movemaster_ros) by extension 'ignore_ament_install'
[0.252s] Level 1:colcon.colcon_core.package_identification:_identify(src/movemaster_ros) by extensions ['colcon_pkg']
[0.252s] Level 1:colcon.colcon_core.package_identification:_identify(src/movemaster_ros) by extension 'colcon_pkg'
[0.252s] Level 1:colcon.colcon_core.package_identification:_identify(src/movemaster_ros) by extensions ['colcon_meta']
[0.252s] Level 1:colcon.colcon_core.package_identification:_identify(src/movemaster_ros) by extension 'colcon_meta'
[0.252s] Level 1:colcon.colcon_core.package_identification:_identify(src/movemaster_ros) by extensions ['ros']
[0.252s] Level 1:colcon.colcon_core.package_identification:_identify(src/movemaster_ros) by extension 'ros'
[0.255s] DEBUG:colcon.colcon_core.package_identification:Package 'src/movemaster_ros' with type 'ros.ament_python' and name 'movemaster_ros'
[0.255s] Level 1:colcon.colcon_core.package_discovery:discover_packages(recursive) using defaults
[0.256s] Level 1:colcon.colcon_core.package_discovery:discover_packages(ignore) discover
[0.256s] Level 1:colcon.colcon_core.package_discovery:discover_packages(ignore) using defaults
[0.256s] Level 1:colcon.colcon_core.package_discovery:discover_packages(path) discover
[0.256s] Level 1:colcon.colcon_core.package_discovery:discover_packages(path) using defaults
[0.279s] Level 1:colcon.colcon_core.package_discovery:discover_packages(prefix_path) check parameters
[0.279s] Level 1:colcon.colcon_core.package_discovery:discover_packages(prefix_path) discover
[0.281s] DEBUG:colcon.colcon_installed_package_information.package_discovery:Found 1 installed packages in /home/movemaster/movemaster/movemaster_ws/install
[0.282s] DEBUG:colcon.colcon_installed_package_information.package_discovery:Found 1 installed packages in /home/movemaster/stepper_control_ws/install
[0.284s] DEBUG:colcon.colcon_installed_package_information.package_discovery:Found 287 installed packages in /opt/ros/jazzy
[0.286s] Level 1:colcon.colcon_core.package_discovery:discover_packages(prefix_path) using defaults
[0.346s] Level 5:colcon.colcon_core.verb:set package 'movemaster_ros' build argument 'cmake_args' from command line to 'None'
[0.346s] Level 5:colcon.colcon_core.verb:set package 'movemaster_ros' build argument 'cmake_target' from command line to 'None'
[0.346s] Level 5:colcon.colcon_core.verb:set package 'movemaster_ros' build argument 'cmake_target_skip_unavailable' from command line to 'False'
[0.346s] Level 5:colcon.colcon_core.verb:set package 'movemaster_ros' build argument 'cmake_clean_cache' from command line to 'False'
[0.346s] Level 5:colcon.colcon_core.verb:set package 'movemaster_ros' build argument 'cmake_clean_first' from command line to 'False'
[0.346s] Level 5:colcon.colcon_core.verb:set package 'movemaster_ros' build argument 'cmake_force_configure' from command line to 'False'
[0.346s] Level 5:colcon.colcon_core.verb:set package 'movemaster_ros' build argument 'ament_cmake_args' from command line to 'None'
[0.346s] Level 5:colcon.colcon_core.verb:set package 'movemaster_ros' build argument 'catkin_cmake_args' from command line to 'None'
[0.347s] Level 5:colcon.colcon_core.verb:set package 'movemaster_ros' build argument 'catkin_skip_building_tests' from command line to 'False'
[0.347s] DEBUG:colcon.colcon_core.verb:Building package 'movemaster_ros' with the following arguments: {'ament_cmake_args': None, 'build_base': '/home/movemaster/movemaster/movemaster_ws/build/movemaster_ros', 'catkin_cmake_args': None, 'catkin_skip_building_tests': False, 'cmake_args': None, 'cmake_clean_cache': False, 'cmake_clean_first': False, 'cmake_force_configure': False, 'cmake_target': None, 'cmake_target_skip_unavailable': False, 'install_base': '/home/movemaster/movemaster/movemaster_ws/install/movemaster_ros', 'merge_install': False, 'path': '/home/movemaster/movemaster/movemaster_ws/src/movemaster_ros', 'symlink_install': False, 'test_result_base': None}
[0.347s] INFO:colcon.colcon_core.executor:Executing jobs using 'parallel' executor
[0.348s] DEBUG:colcon.colcon_parallel_executor.executor.parallel:run_until_complete
[0.350s] INFO:colcon.colcon_ros.task.ament_python.build:Building ROS package in '/home/movemaster/movemaster/movemaster_ws/src/movemaster_ros' with build type 'ament_python'
[0.351s] Level 1:colcon.colcon_core.shell:create_environment_hook('movemaster_ros', 'ament_prefix_path')
[0.362s] INFO:colcon.colcon_core.plugin_system:Skipping extension 'colcon_core.shell.bat': Not used on non-Windows systems
[0.363s] INFO:colcon.colcon_core.shell:Creating environment hook '/home/movemaster/movemaster/movemaster_ws/install/movemaster_ros/share/movemaster_ros/hook/ament_prefix_path.ps1'
[0.365s] INFO:colcon.colcon_core.shell:Creating environment descriptor '/home/movemaster/movemaster/movemaster_ws/install/movemaster_ros/share/movemaster_ros/hook/ament_prefix_path.dsv'
[0.369s] INFO:colcon.colcon_core.shell:Creating environment hook '/home/movemaster/movemaster/movemaster_ws/install/movemaster_ros/share/movemaster_ros/hook/ament_prefix_path.sh'
[0.376s] INFO:colcon.colcon_core.shell:Skip shell extension 'powershell' for command environment: Not usable outside of PowerShell
[0.377s] DEBUG:colcon.colcon_core.shell:Skip shell extension 'dsv' for command environment
[0.746s] INFO:colcon.colcon_core.task.python.build:Building Python package in '/home/movemaster/movemaster/movemaster_ws/src/movemaster_ros'
[0.747s] INFO:colcon.colcon_core.shell:Skip shell extension 'powershell' for command environment: Not usable outside of PowerShell
[0.747s] DEBUG:colcon.colcon_core.shell:Skip shell extension 'dsv' for command environment
[1.719s] DEBUG:colcon.colcon_core.task.python.build:Available setuptools commands: build_py, saveopts, bdist_rpm, develop, dist_info, install_lib, bdist, build_clib, symlink_data, install_egg_info, build, test, install_headers, check, init_catalog, setopt, rotate, compile_catalog, upload_docs, install_scripts, install, clean, easy_install, bdist_wheel, build_scripts, upload, build_ext, register, sdist, bdist_egg, alias, extract_messages, egg_info, install_data, bdist_dumb, update_catalog, editable_wheel
[1.724s] DEBUG:colcon.colcon_core.event_handler.log_command:Invoking command in '/home/movemaster/movemaster/movemaster_ws/src/movemaster_ros': DEBUGINFOD_URLS=https://debuginfod.ubuntu.com PS1=\[\e]0;\u@\h: \w\a\]${debian_chroot:+($debian_chroot)}\[\033[01;32m\]\u@\h\[\033[00m\]:\[\033[01;34m\]\w\[\033[00m\]\$ PYTHONPATH=/home/movemaster/movemaster/movemaster_ws/build/movemaster_ros/prefix_override:/usr/lib/python3/dist-packages/colcon_core/task/python/colcon_distutils_commands:/home/movemaster/movemaster/movemaster_ws/install/movemaster_ros/lib/python3.12/site-packages:${PYTHONPATH} /usr/bin/python3 -W ignore:setup.py install is deprecated -W ignore:easy_install command is deprecated setup.py egg_info --egg-base ../../build/movemaster_ros build --build-base /home/movemaster/movemaster/movemaster_ws/build/movemaster_ros/build install --record /home/movemaster/movemaster/movemaster_ws/build/movemaster_ros/install.log --install-scripts $base/lib/movemaster_ros --single-version-externally-managed install_data
[2.597s] DEBUG:colcon.colcon_core.event_handler.log_command:Invoked command in '/home/movemaster/movemaster/movemaster_ws/src/movemaster_ros' returned '0': DEBUGINFOD_URLS=https://debuginfod.ubuntu.com PS1=\[\e]0;\u@\h: \w\a\]${debian_chroot:+($debian_chroot)}\[\033[01;32m\]\u@\h\[\033[00m\]:\[\033[01;34m\]\w\[\033[00m\]\$ PYTHONPATH=/home/movemaster/movemaster/movemaster_ws/build/movemaster_ros/prefix_override:/usr/lib/python3/dist-packages/colcon_core/task/python/colcon_distutils_commands:/home/movemaster/movemaster/movemaster_ws/install/movemaster_ros/lib/python3.12/site-packages:${PYTHONPATH} /usr/bin/python3 -W ignore:setup.py install is deprecated -W ignore:easy_install command is deprecated setup.py egg_info --egg-base ../../build/movemaster_ros build --build-base /home/movemaster/movemaster/movemaster_ws/build/movemaster_ros/build install --record /home/movemaster/movemaster/movemaster_ws/build/movemaster_ros/install.log --install-scripts $base/lib/movemaster_ros --single-version-externally-managed install_data
[2.599s] Level 1:colcon.colcon_core.environment:checking '/home/movemaster/movemaster/movemaster_ws/install/movemaster_ros' for CMake module files
[2.600s] Level 1:colcon.colcon_core.environment:checking '/home/movemaster/movemaster/movemaster_ws/install/movemaster_ros' for CMake config files
[2.601s] Level 1:colcon.colcon_core.environment:checking '/home/movemaster/movemaster/movemaster_ws/install/movemaster_ros/lib'
[2.601s] Level 1:colcon.colcon_core.environment:checking '/home/movemaster/movemaster/movemaster_ws/install/movemaster_ros/bin'
[2.601s] Level 1:colcon.colcon_core.environment:checking '/home/movemaster/movemaster/movemaster_ws/install/movemaster_ros/lib/pkgconfig/movemaster_ros.pc'
[2.601s] Level 1:colcon.colcon_core.environment:checking '/home/movemaster/movemaster/movemaster_ws/install/movemaster_ros/lib/python3.12/site-packages'
[2.602s] Level 1:colcon.colcon_core.shell:create_environment_hook('movemaster_ros', 'pythonpath')
[2.602s] INFO:colcon.colcon_core.shell:Creating environment hook '/home/movemaster/movemaster/movemaster_ws/install/movemaster_ros/share/movemaster_ros/hook/pythonpath.ps1'
[2.603s] INFO:colcon.colcon_core.shell:Creating environment descriptor '/home/movemaster/movemaster/movemaster_ws/install/movemaster_ros/share/movemaster_ros/hook/pythonpath.dsv'
[2.639s] INFO:colcon.colcon_core.shell:Creating environment hook '/home/movemaster/movemaster/movemaster_ws/install/movemaster_ros/share/movemaster_ros/hook/pythonpath.sh'
[2.641s] Level 1:colcon.colcon_core.environment:checking '/home/movemaster/movemaster/movemaster_ws/install/movemaster_ros/bin'
[2.641s] Level 1:colcon.colcon_core.environment:create_environment_scripts_only(movemaster_ros)
[2.642s] INFO:colcon.colcon_core.shell:Creating package script '/home/movemaster/movemaster/movemaster_ws/install/movemaster_ros/share/movemaster_ros/package.ps1'
[2.643s] INFO:colcon.colcon_core.shell:Creating package descriptor '/home/movemaster/movemaster/movemaster_ws/install/movemaster_ros/share/movemaster_ros/package.dsv'
[2.645s] INFO:colcon.colcon_core.shell:Creating package script '/home/movemaster/movemaster/movemaster_ws/install/movemaster_ros/share/movemaster_ros/package.sh'
[2.647s] INFO:colcon.colcon_core.shell:Creating package script '/home/movemaster/movemaster/movemaster_ws/install/movemaster_ros/share/movemaster_ros/package.bash'
[2.648s] INFO:colcon.colcon_core.shell:Creating package script '/home/movemaster/movemaster/movemaster_ws/install/movemaster_ros/share/movemaster_ros/package.zsh'
[2.649s] Level 1:colcon.colcon_core.environment:create_file_with_runtime_dependencies(/home/movemaster/movemaster/movemaster_ws/install/movemaster_ros/share/colcon-core/packages/movemaster_ros)
[2.650s] DEBUG:colcon.colcon_parallel_executor.executor.parallel:closing loop
[2.651s] DEBUG:colcon.colcon_parallel_executor.executor.parallel:loop closed
[2.652s] DEBUG:colcon.colcon_parallel_executor.executor.parallel:run_until_complete finished with '0'
[2.652s] DEBUG:colcon.colcon_core.event_reactor:joining thread
[2.678s] INFO:colcon.colcon_core.plugin_system:Skipping extension 'colcon_notification.desktop_notification.terminal_notifier': Not used on non-Darwin systems
[2.678s] INFO:colcon.colcon_core.plugin_system:Skipping extension 'colcon_notification.desktop_notification.win32': Not used on non-Windows systems
[2.679s] INFO:colcon.colcon_notification.desktop_notification:Sending desktop notification using 'notify2'
[2.708s] DEBUG:colcon.colcon_core.event_reactor:joined thread
[2.709s] INFO:colcon.colcon_core.shell:Creating prefix script '/home/movemaster/movemaster/movemaster_ws/install/local_setup.ps1'
[2.800s] INFO:colcon.colcon_core.shell:Creating prefix util module '/home/movemaster/movemaster/movemaster_ws/install/_local_setup_util_ps1.py'
[2.802s] INFO:colcon.colcon_core.shell:Creating prefix chain script '/home/movemaster/movemaster/movemaster_ws/install/setup.ps1'
[2.804s] INFO:colcon.colcon_core.shell:Creating prefix script '/home/movemaster/movemaster/movemaster_ws/install/local_setup.sh'
[2.808s] INFO:colcon.colcon_core.shell:Creating prefix util module '/home/movemaster/movemaster/movemaster_ws/install/_local_setup_util_sh.py'
[2.809s] INFO:colcon.colcon_core.shell:Creating prefix chain script '/home/movemaster/movemaster/movemaster_ws/install/setup.sh'
[2.811s] INFO:colcon.colcon_core.shell:Creating prefix script '/home/movemaster/movemaster/movemaster_ws/install/local_setup.bash'
[2.812s] INFO:colcon.colcon_core.shell:Creating prefix chain script '/home/movemaster/movemaster/movemaster_ws/install/setup.bash'
[2.813s] INFO:colcon.colcon_core.shell:Creating prefix script '/home/movemaster/movemaster/movemaster_ws/install/local_setup.zsh'
[2.849s] INFO:colcon.colcon_core.shell:Creating prefix chain script '/home/movemaster/movemaster/movemaster_ws/install/setup.zsh'
