[1.373s] Invoking command in '/home/movemaster/movemaster/movemaster_ws/src/movemaster_ros': DEBUGINFOD_URLS=https://debuginfod.ubuntu.com PS1=\[\e]0;\u@\h: \w\a\]${debian_chroot:+($debian_chroot)}\[\033[01;32m\]\u@\h\[\033[00m\]:\[\033[01;34m\]\w\[\033[00m\]\$ PYTHONPATH=/home/movemaster/movemaster/movemaster_ws/build/movemaster_ros/prefix_override:/usr/lib/python3/dist-packages/colcon_core/task/python/colcon_distutils_commands:/home/movemaster/movemaster/movemaster_ws/install/movemaster_ros/lib/python3.12/site-packages:${PYTHONPATH} /usr/bin/python3 -W ignore:setup.py install is deprecated -W ignore:easy_install command is deprecated setup.py egg_info --egg-base ../../build/movemaster_ros build --build-base /home/movemaster/movemaster/movemaster_ws/build/movemaster_ros/build install --record /home/movemaster/movemaster/movemaster_ws/build/movemaster_ros/install.log --install-scripts $base/lib/movemaster_ros --single-version-externally-managed install_data
[1.778s] running egg_info
[1.804s] writing ../../build/movemaster_ros/movemaster_ros.egg-info/PKG-INFO
[1.806s] writing dependency_links to ../../build/movemaster_ros/movemaster_ros.egg-info/dependency_links.txt
[1.808s] writing entry points to ../../build/movemaster_ros/movemaster_ros.egg-info/entry_points.txt
[1.810s] writing requirements to ../../build/movemaster_ros/movemaster_ros.egg-info/requires.txt
[1.811s] writing top-level names to ../../build/movemaster_ros/movemaster_ros.egg-info/top_level.txt
[1.868s] reading manifest file '../../build/movemaster_ros/movemaster_ros.egg-info/SOURCES.txt'
[1.869s] writing manifest file '../../build/movemaster_ros/movemaster_ros.egg-info/SOURCES.txt'
[1.870s] running build
[1.870s] running build_py
[1.870s] copying movemaster_ros/movemaster_node.py -> /home/movemaster/movemaster/movemaster_ws/build/movemaster_ros/build/lib/movemaster_ros
[1.871s] running install
[1.880s] running install_lib
[1.912s] copying /home/movemaster/movemaster/movemaster_ws/build/movemaster_ros/build/lib/movemaster_ros/movemaster_node.py -> /home/movemaster/movemaster/movemaster_ws/install/movemaster_ros/lib/python3.12/site-packages/movemaster_ros
[1.916s] byte-compiling /home/movemaster/movemaster/movemaster_ws/install/movemaster_ros/lib/python3.12/site-packages/movemaster_ros/movemaster_node.py to movemaster_node.cpython-312.pyc
[1.918s] running install_data
[1.918s] running install_egg_info
[1.948s] removing '/home/movemaster/movemaster/movemaster_ws/install/movemaster_ros/lib/python3.12/site-packages/movemaster_ros-0.0.0-py3.12.egg-info' (and everything under it)
[1.949s] Copying ../../build/movemaster_ros/movemaster_ros.egg-info to /home/movemaster/movemaster/movemaster_ws/install/movemaster_ros/lib/python3.12/site-packages/movemaster_ros-0.0.0-py3.12.egg-info
[1.950s] running install_scripts
[2.152s] Installing movemaster_node script to /home/movemaster/movemaster/movemaster_ws/install/movemaster_ros/lib/movemaster_ros
[2.152s] writing list of installed files to '/home/movemaster/movemaster/movemaster_ws/build/movemaster_ros/install.log'
[2.246s] Invoked command in '/home/movemaster/movemaster/movemaster_ws/src/movemaster_ros' returned '0': DEBUGINFOD_URLS=https://debuginfod.ubuntu.com PS1=\[\e]0;\u@\h: \w\a\]${debian_chroot:+($debian_chroot)}\[\033[01;32m\]\u@\h\[\033[00m\]:\[\033[01;34m\]\w\[\033[00m\]\$ PYTHONPATH=/home/movemaster/movemaster/movemaster_ws/build/movemaster_ros/prefix_override:/usr/lib/python3/dist-packages/colcon_core/task/python/colcon_distutils_commands:/home/movemaster/movemaster/movemaster_ws/install/movemaster_ros/lib/python3.12/site-packages:${PYTHONPATH} /usr/bin/python3 -W ignore:setup.py install is deprecated -W ignore:easy_install command is deprecated setup.py egg_info --egg-base ../../build/movemaster_ros build --build-base /home/movemaster/movemaster/movemaster_ws/build/movemaster_ros/build install --record /home/movemaster/movemaster/movemaster_ws/build/movemaster_ros/install.log --install-scripts $base/lib/movemaster_ros --single-version-externally-managed install_data
