[0.335s] DEBUG:colcon:Command line arguments: ['/usr/bin/colcon', 'build']
[0.336s] DEBUG:colcon:Parsed command line arguments: Namespace(log_base=None, log_level=None, verb_name='build', build_base='build', install_base='install', merge_install=False, symlink_install=False, test_result_base=None, continue_on_error=False, executor='parallel', parallel_workers=4, event_handlers=None, ignore_user_meta=False, metas=['./colcon.meta'], base_paths=['.'], packages_ignore=None, packages_ignore_regex=None, paths=None, packages_up_to=None, packages_up_to_regex=None, packages_above=None, packages_above_and_dependencies=None, packages_above_depth=None, packages_select_by_dep=None, packages_skip_by_dep=None, packages_skip_up_to=None, packages_select_build_failed=False, packages_skip_build_finished=False, packages_select_test_failures=False, packages_skip_test_passed=False, packages_select=None, packages_skip=None, packages_select_regex=None, packages_skip_regex=None, packages_start=None, packages_end=None, allow_overriding=[], cmake_args=None, cmake_target=None, cmake_target_skip_unavailable=False, cmake_clean_cache=False, cmake_clean_first=False, cmake_force_configure=False, ament_cmake_args=None, catkin_cmake_args=None, catkin_skip_building_tests=False, mixin_files=None, mixin=None, verb_parser=<colcon_mixin.mixin.mixin_argument.MixinArgumentDecorator object at 0xffff867cd070>, verb_extension=<colcon_core.verb.build.BuildVerb object at 0xffff8677a2d0>, main=<bound method BuildVerb.main of <colcon_core.verb.build.BuildVerb object at 0xffff8677a2d0>>, mixin_verb=('build',))
[0.470s] Level 1:colcon.colcon_core.package_discovery:discover_packages(colcon_meta) check parameters
[0.470s] Level 1:colcon.colcon_core.package_discovery:discover_packages(recursive) check parameters
[0.470s] Level 1:colcon.colcon_core.package_discovery:discover_packages(ignore) check parameters
[0.470s] Level 1:colcon.colcon_core.package_discovery:discover_packages(path) check parameters
[0.470s] Level 1:colcon.colcon_core.package_discovery:discover_packages(colcon_meta) discover
[0.470s] Level 1:colcon.colcon_core.package_discovery:discover_packages(recursive) discover
[0.470s] INFO:colcon.colcon_core.package_discovery:Crawling recursively for packages in '/home/movemaster/movemaster/movemaster_ws'
[0.471s] Level 1:colcon.colcon_core.package_identification:_identify(.) by extensions ['ignore', 'ignore_ament_install']
[0.471s] Level 1:colcon.colcon_core.package_identification:_identify(.) by extension 'ignore'
[0.471s] Level 1:colcon.colcon_core.package_identification:_identify(.) by extension 'ignore_ament_install'
[0.471s] Level 1:colcon.colcon_core.package_identification:_identify(.) by extensions ['colcon_pkg']
[0.471s] Level 1:colcon.colcon_core.package_identification:_identify(.) by extension 'colcon_pkg'
[0.471s] Level 1:colcon.colcon_core.package_identification:_identify(.) by extensions ['colcon_meta']
[0.471s] Level 1:colcon.colcon_core.package_identification:_identify(.) by extension 'colcon_meta'
[0.471s] Level 1:colcon.colcon_core.package_identification:_identify(.) by extensions ['ros']
[0.471s] Level 1:colcon.colcon_core.package_identification:_identify(.) by extension 'ros'
[0.537s] Level 1:colcon.colcon_core.package_identification:_identify(.) by extensions ['cmake', 'python']
[0.537s] Level 1:colcon.colcon_core.package_identification:_identify(.) by extension 'cmake'
[0.537s] Level 1:colcon.colcon_core.package_identification:_identify(.) by extension 'python'
[0.537s] Level 1:colcon.colcon_core.package_identification:_identify(.) by extensions ['python_setup_py']
[0.537s] Level 1:colcon.colcon_core.package_identification:_identify(.) by extension 'python_setup_py'
[0.537s] Level 1:colcon.colcon_core.package_identification:_identify(build) by extensions ['ignore', 'ignore_ament_install']
[0.537s] Level 1:colcon.colcon_core.package_identification:_identify(build) by extension 'ignore'
[0.537s] Level 1:colcon.colcon_core.package_identification:_identify(build) ignored
[0.537s] Level 1:colcon.colcon_core.package_identification:_identify(install) by extensions ['ignore', 'ignore_ament_install']
[0.537s] Level 1:colcon.colcon_core.package_identification:_identify(install) by extension 'ignore'
[0.538s] Level 1:colcon.colcon_core.package_identification:_identify(install) ignored
[0.538s] Level 1:colcon.colcon_core.package_identification:_identify(log) by extensions ['ignore', 'ignore_ament_install']
[0.538s] Level 1:colcon.colcon_core.package_identification:_identify(log) by extension 'ignore'
[0.538s] Level 1:colcon.colcon_core.package_identification:_identify(log) ignored
[0.538s] Level 1:colcon.colcon_core.package_identification:_identify(src) by extensions ['ignore', 'ignore_ament_install']
[0.538s] Level 1:colcon.colcon_core.package_identification:_identify(src) by extension 'ignore'
[0.538s] Level 1:colcon.colcon_core.package_identification:_identify(src) by extension 'ignore_ament_install'
[0.538s] Level 1:colcon.colcon_core.package_identification:_identify(src) by extensions ['colcon_pkg']
[0.538s] Level 1:colcon.colcon_core.package_identification:_identify(src) by extension 'colcon_pkg'
[0.538s] Level 1:colcon.colcon_core.package_identification:_identify(src) by extensions ['colcon_meta']
[0.538s] Level 1:colcon.colcon_core.package_identification:_identify(src) by extension 'colcon_meta'
[0.538s] Level 1:colcon.colcon_core.package_identification:_identify(src) by extensions ['ros']
[0.538s] Level 1:colcon.colcon_core.package_identification:_identify(src) by extension 'ros'
[0.538s] Level 1:colcon.colcon_core.package_identification:_identify(src) by extensions ['cmake', 'python']
[0.538s] Level 1:colcon.colcon_core.package_identification:_identify(src) by extension 'cmake'
[0.538s] Level 1:colcon.colcon_core.package_identification:_identify(src) by extension 'python'
[0.539s] Level 1:colcon.colcon_core.package_identification:_identify(src) by extensions ['python_setup_py']
[0.539s] Level 1:colcon.colcon_core.package_identification:_identify(src) by extension 'python_setup_py'
[0.539s] Level 1:colcon.colcon_core.package_identification:_identify(src/movemaster_ros) by extensions ['ignore', 'ignore_ament_install']
[0.539s] Level 1:colcon.colcon_core.package_identification:_identify(src/movemaster_ros) by extension 'ignore'
[0.539s] Level 1:colcon.colcon_core.package_identification:_identify(src/movemaster_ros) by extension 'ignore_ament_install'
[0.539s] Level 1:colcon.colcon_core.package_identification:_identify(src/movemaster_ros) by extensions ['colcon_pkg']
[0.539s] Level 1:colcon.colcon_core.package_identification:_identify(src/movemaster_ros) by extension 'colcon_pkg'
[0.539s] Level 1:colcon.colcon_core.package_identification:_identify(src/movemaster_ros) by extensions ['colcon_meta']
[0.539s] Level 1:colcon.colcon_core.package_identification:_identify(src/movemaster_ros) by extension 'colcon_meta'
[0.539s] Level 1:colcon.colcon_core.package_identification:_identify(src/movemaster_ros) by extensions ['ros']
[0.539s] Level 1:colcon.colcon_core.package_identification:_identify(src/movemaster_ros) by extension 'ros'
[0.544s] DEBUG:colcon.colcon_core.package_identification:Package 'src/movemaster_ros' with type 'ros.ament_python' and name 'movemaster_ros'
[0.545s] Level 1:colcon.colcon_core.package_discovery:discover_packages(recursive) using defaults
[0.545s] Level 1:colcon.colcon_core.package_discovery:discover_packages(ignore) discover
[0.545s] Level 1:colcon.colcon_core.package_discovery:discover_packages(ignore) using defaults
[0.545s] Level 1:colcon.colcon_core.package_discovery:discover_packages(path) discover
[0.545s] Level 1:colcon.colcon_core.package_discovery:discover_packages(path) using defaults
[0.614s] Level 1:colcon.colcon_core.package_discovery:discover_packages(prefix_path) check parameters
[0.614s] Level 1:colcon.colcon_core.package_discovery:discover_packages(prefix_path) discover
[0.623s] DEBUG:colcon.colcon_installed_package_information.package_discovery:Found 1 installed packages in /home/movemaster/stepper_control_ws/install
[0.625s] DEBUG:colcon.colcon_installed_package_information.package_discovery:Found 287 installed packages in /opt/ros/jazzy
[0.629s] Level 1:colcon.colcon_core.package_discovery:discover_packages(prefix_path) using defaults
[0.803s] Level 5:colcon.colcon_core.verb:set package 'movemaster_ros' build argument 'cmake_args' from command line to 'None'
[0.803s] Level 5:colcon.colcon_core.verb:set package 'movemaster_ros' build argument 'cmake_target' from command line to 'None'
[0.803s] Level 5:colcon.colcon_core.verb:set package 'movemaster_ros' build argument 'cmake_target_skip_unavailable' from command line to 'False'
[0.803s] Level 5:colcon.colcon_core.verb:set package 'movemaster_ros' build argument 'cmake_clean_cache' from command line to 'False'
[0.803s] Level 5:colcon.colcon_core.verb:set package 'movemaster_ros' build argument 'cmake_clean_first' from command line to 'False'
[0.803s] Level 5:colcon.colcon_core.verb:set package 'movemaster_ros' build argument 'cmake_force_configure' from command line to 'False'
[0.803s] Level 5:colcon.colcon_core.verb:set package 'movemaster_ros' build argument 'ament_cmake_args' from command line to 'None'
[0.803s] Level 5:colcon.colcon_core.verb:set package 'movemaster_ros' build argument 'catkin_cmake_args' from command line to 'None'
[0.803s] Level 5:colcon.colcon_core.verb:set package 'movemaster_ros' build argument 'catkin_skip_building_tests' from command line to 'False'
[0.803s] DEBUG:colcon.colcon_core.verb:Building package 'movemaster_ros' with the following arguments: {'ament_cmake_args': None, 'build_base': '/home/movemaster/movemaster/movemaster_ws/build/movemaster_ros', 'catkin_cmake_args': None, 'catkin_skip_building_tests': False, 'cmake_args': None, 'cmake_clean_cache': False, 'cmake_clean_first': False, 'cmake_force_configure': False, 'cmake_target': None, 'cmake_target_skip_unavailable': False, 'install_base': '/home/movemaster/movemaster/movemaster_ws/install/movemaster_ros', 'merge_install': False, 'path': '/home/movemaster/movemaster/movemaster_ws/src/movemaster_ros', 'symlink_install': False, 'test_result_base': None}
[0.804s] INFO:colcon.colcon_core.executor:Executing jobs using 'parallel' executor
[0.805s] DEBUG:colcon.colcon_parallel_executor.executor.parallel:run_until_complete
[0.805s] INFO:colcon.colcon_ros.task.ament_python.build:Building ROS package in '/home/movemaster/movemaster/movemaster_ws/src/movemaster_ros' with build type 'ament_python'
[0.807s] Level 1:colcon.colcon_core.shell:create_environment_hook('movemaster_ros', 'ament_prefix_path')
[0.833s] INFO:colcon.colcon_core.plugin_system:Skipping extension 'colcon_core.shell.bat': Not used on non-Windows systems
[0.834s] INFO:colcon.colcon_core.shell:Creating environment hook '/home/movemaster/movemaster/movemaster_ws/install/movemaster_ros/share/movemaster_ros/hook/ament_prefix_path.ps1'
[0.840s] INFO:colcon.colcon_core.shell:Creating environment descriptor '/home/movemaster/movemaster/movemaster_ws/install/movemaster_ros/share/movemaster_ros/hook/ament_prefix_path.dsv'
[0.847s] INFO:colcon.colcon_core.shell:Creating environment hook '/home/movemaster/movemaster/movemaster_ws/install/movemaster_ros/share/movemaster_ros/hook/ament_prefix_path.sh'
[0.851s] INFO:colcon.colcon_core.shell:Skip shell extension 'powershell' for command environment: Not usable outside of PowerShell
[0.851s] DEBUG:colcon.colcon_core.shell:Skip shell extension 'dsv' for command environment
[1.241s] INFO:colcon.colcon_core.task.python.build:Building Python package in '/home/movemaster/movemaster/movemaster_ws/src/movemaster_ros'
[1.241s] INFO:colcon.colcon_core.shell:Skip shell extension 'powershell' for command environment: Not usable outside of PowerShell
[1.241s] DEBUG:colcon.colcon_core.shell:Skip shell extension 'dsv' for command environment
[2.919s] DEBUG:colcon.colcon_core.task.python.build:Available setuptools commands: install_egg_info, bdist_egg, install, install_scripts, build_clib, init_catalog, upload, bdist, develop, test, build, build_ext, rotate, sdist, bdist_wheel, alias, register, build_py, install_lib, bdist_dumb, egg_info, easy_install, symlink_data, build_scripts, upload_docs, check, compile_catalog, extract_messages, saveopts, dist_info, setopt, install_headers, editable_wheel, bdist_rpm, install_data, clean, update_catalog
[2.927s] DEBUG:colcon.colcon_core.event_handler.log_command:Invoking command in '/home/movemaster/movemaster/movemaster_ws/src/movemaster_ros': DEBUGINFOD_URLS=https://debuginfod.ubuntu.com PS1=\[\e]0;\u@\h: \w\a\]${debian_chroot:+($debian_chroot)}\[\033[01;32m\]\u@\h\[\033[00m\]:\[\033[01;34m\]\w\[\033[00m\]\$ PYTHONPATH=/home/movemaster/movemaster/movemaster_ws/build/movemaster_ros/prefix_override:/usr/lib/python3/dist-packages/colcon_core/task/python/colcon_distutils_commands:/home/movemaster/movemaster/movemaster_ws/install/movemaster_ros/lib/python3.12/site-packages:${PYTHONPATH} /usr/bin/python3 -W ignore:setup.py install is deprecated -W ignore:easy_install command is deprecated setup.py egg_info --egg-base ../../build/movemaster_ros build --build-base /home/movemaster/movemaster/movemaster_ws/build/movemaster_ros/build install --record /home/movemaster/movemaster/movemaster_ws/build/movemaster_ros/install.log --install-scripts $base/lib/movemaster_ros --single-version-externally-managed install_data
[3.778s] DEBUG:colcon.colcon_core.event_handler.log_command:Invoked command in '/home/movemaster/movemaster/movemaster_ws/src/movemaster_ros' returned '0': DEBUGINFOD_URLS=https://debuginfod.ubuntu.com PS1=\[\e]0;\u@\h: \w\a\]${debian_chroot:+($debian_chroot)}\[\033[01;32m\]\u@\h\[\033[00m\]:\[\033[01;34m\]\w\[\033[00m\]\$ PYTHONPATH=/home/movemaster/movemaster/movemaster_ws/build/movemaster_ros/prefix_override:/usr/lib/python3/dist-packages/colcon_core/task/python/colcon_distutils_commands:/home/movemaster/movemaster/movemaster_ws/install/movemaster_ros/lib/python3.12/site-packages:${PYTHONPATH} /usr/bin/python3 -W ignore:setup.py install is deprecated -W ignore:easy_install command is deprecated setup.py egg_info --egg-base ../../build/movemaster_ros build --build-base /home/movemaster/movemaster/movemaster_ws/build/movemaster_ros/build install --record /home/movemaster/movemaster/movemaster_ws/build/movemaster_ros/install.log --install-scripts $base/lib/movemaster_ros --single-version-externally-managed install_data
[3.791s] Level 1:colcon.colcon_core.environment:checking '/home/movemaster/movemaster/movemaster_ws/install/movemaster_ros' for CMake module files
[3.792s] Level 1:colcon.colcon_core.environment:checking '/home/movemaster/movemaster/movemaster_ws/install/movemaster_ros' for CMake config files
[3.793s] Level 1:colcon.colcon_core.environment:checking '/home/movemaster/movemaster/movemaster_ws/install/movemaster_ros/lib'
[3.793s] Level 1:colcon.colcon_core.environment:checking '/home/movemaster/movemaster/movemaster_ws/install/movemaster_ros/bin'
[3.794s] Level 1:colcon.colcon_core.environment:checking '/home/movemaster/movemaster/movemaster_ws/install/movemaster_ros/lib/pkgconfig/movemaster_ros.pc'
[3.794s] Level 1:colcon.colcon_core.environment:checking '/home/movemaster/movemaster/movemaster_ws/install/movemaster_ros/lib/python3.12/site-packages'
[3.794s] Level 1:colcon.colcon_core.shell:create_environment_hook('movemaster_ros', 'pythonpath')
[3.795s] INFO:colcon.colcon_core.shell:Creating environment hook '/home/movemaster/movemaster/movemaster_ws/install/movemaster_ros/share/movemaster_ros/hook/pythonpath.ps1'
[3.795s] INFO:colcon.colcon_core.shell:Creating environment descriptor '/home/movemaster/movemaster/movemaster_ws/install/movemaster_ros/share/movemaster_ros/hook/pythonpath.dsv'
[3.797s] INFO:colcon.colcon_core.shell:Creating environment hook '/home/movemaster/movemaster/movemaster_ws/install/movemaster_ros/share/movemaster_ros/hook/pythonpath.sh'
[3.799s] Level 1:colcon.colcon_core.environment:checking '/home/movemaster/movemaster/movemaster_ws/install/movemaster_ros/bin'
[3.799s] Level 1:colcon.colcon_core.environment:create_environment_scripts_only(movemaster_ros)
[3.799s] INFO:colcon.colcon_core.shell:Creating package script '/home/movemaster/movemaster/movemaster_ws/install/movemaster_ros/share/movemaster_ros/package.ps1'
[3.802s] INFO:colcon.colcon_core.shell:Creating package descriptor '/home/movemaster/movemaster/movemaster_ws/install/movemaster_ros/share/movemaster_ros/package.dsv'
[3.805s] INFO:colcon.colcon_core.shell:Creating package script '/home/movemaster/movemaster/movemaster_ws/install/movemaster_ros/share/movemaster_ros/package.sh'
[3.817s] INFO:colcon.colcon_core.shell:Creating package script '/home/movemaster/movemaster/movemaster_ws/install/movemaster_ros/share/movemaster_ros/package.bash'
[3.822s] INFO:colcon.colcon_core.shell:Creating package script '/home/movemaster/movemaster/movemaster_ws/install/movemaster_ros/share/movemaster_ros/package.zsh'
[3.826s] Level 1:colcon.colcon_core.environment:create_file_with_runtime_dependencies(/home/movemaster/movemaster/movemaster_ws/install/movemaster_ros/share/colcon-core/packages/movemaster_ros)
[3.828s] DEBUG:colcon.colcon_parallel_executor.executor.parallel:closing loop
[3.830s] DEBUG:colcon.colcon_parallel_executor.executor.parallel:loop closed
[3.830s] DEBUG:colcon.colcon_parallel_executor.executor.parallel:run_until_complete finished with '0'
[3.830s] DEBUG:colcon.colcon_core.event_reactor:joining thread
[3.847s] INFO:colcon.colcon_core.plugin_system:Skipping extension 'colcon_notification.desktop_notification.terminal_notifier': Not used on non-Darwin systems
[3.848s] INFO:colcon.colcon_core.plugin_system:Skipping extension 'colcon_notification.desktop_notification.win32': Not used on non-Windows systems
[3.848s] INFO:colcon.colcon_notification.desktop_notification:Sending desktop notification using 'notify2'
[3.910s] DEBUG:colcon.colcon_core.event_reactor:joined thread
[3.911s] INFO:colcon.colcon_core.shell:Creating prefix script '/home/movemaster/movemaster/movemaster_ws/install/local_setup.ps1'
[3.913s] INFO:colcon.colcon_core.shell:Creating prefix util module '/home/movemaster/movemaster/movemaster_ws/install/_local_setup_util_ps1.py'
[3.918s] INFO:colcon.colcon_core.shell:Creating prefix chain script '/home/movemaster/movemaster/movemaster_ws/install/setup.ps1'
[3.922s] INFO:colcon.colcon_core.shell:Creating prefix script '/home/movemaster/movemaster/movemaster_ws/install/local_setup.sh'
[3.928s] INFO:colcon.colcon_core.shell:Creating prefix util module '/home/movemaster/movemaster/movemaster_ws/install/_local_setup_util_sh.py'
[3.930s] INFO:colcon.colcon_core.shell:Creating prefix chain script '/home/movemaster/movemaster/movemaster_ws/install/setup.sh'
[3.933s] INFO:colcon.colcon_core.shell:Creating prefix script '/home/movemaster/movemaster/movemaster_ws/install/local_setup.bash'
[3.936s] INFO:colcon.colcon_core.shell:Creating prefix chain script '/home/movemaster/movemaster/movemaster_ws/install/setup.bash'
[3.939s] INFO:colcon.colcon_core.shell:Creating prefix script '/home/movemaster/movemaster/movemaster_ws/install/local_setup.zsh'
[3.942s] INFO:colcon.colcon_core.shell:Creating prefix chain script '/home/movemaster/movemaster/movemaster_ws/install/setup.zsh'
